[2025-10-11T16:50:59.369+0000] {local_task_job_runner.py:120} INFO - ::group::Pre task execution logs
[2025-10-11T16:50:59.396+0000] {taskinstance.py:2073} INFO - Dependencies all met for dep_context=non-requeueable deps ti=<TaskInstance: MariadbCpimport.cpimport_local_file scheduled__2025-10-10T00:00:00+00:00 [queued]>
[2025-10-11T16:50:59.406+0000] {taskinstance.py:2073} INFO - Dependencies all met for dep_context=requeueable deps ti=<TaskInstance: MariadbCpimport.cpimport_local_file scheduled__2025-10-10T00:00:00+00:00 [queued]>
[2025-10-11T16:50:59.407+0000] {taskinstance.py:2303} INFO - Starting attempt 1 of 1
[2025-10-11T16:50:59.426+0000] {taskinstance.py:2327} INFO - Executing <Task(MariaDBCpImportOperator): cpimport_local_file> on 2025-10-10 00:00:00+00:00
[2025-10-11T16:50:59.433+0000] {warnings.py:110} WARNING - /home/***/.local/lib/python3.12/site-packages/***/task/task_runner/standard_task_runner.py:61: DeprecationWarning: This process (pid=124) is multi-threaded, use of fork() may lead to deadlocks in the child.
  pid = os.fork()

[2025-10-11T16:50:59.436+0000] {standard_task_runner.py:63} INFO - Started process 128 to run task
[2025-10-11T16:50:59.436+0000] {standard_task_runner.py:90} INFO - Running: ['***', 'tasks', 'run', 'MariadbCpimport', 'cpimport_local_file', 'scheduled__2025-10-10T00:00:00+00:00', '--job-id', '27', '--raw', '--subdir', 'DAGS_FOLDER/cp_import_dag.py', '--cfg-path', '/tmp/tmpv3xptes5']
[2025-10-11T16:50:59.440+0000] {standard_task_runner.py:91} INFO - Job 27: Subtask cpimport_local_file
[2025-10-11T16:50:59.506+0000] {task_command.py:426} INFO - Running <TaskInstance: MariadbCpimport.cpimport_local_file scheduled__2025-10-10T00:00:00+00:00 [running]> on host 57acc0fdfd63
[2025-10-11T16:50:59.610+0000] {taskinstance.py:2644} INFO - Exporting env vars: AIRFLOW_CTX_DAG_OWNER='***' AIRFLOW_CTX_DAG_ID='MariadbCpimport' AIRFLOW_CTX_TASK_ID='cpimport_local_file' AIRFLOW_CTX_EXECUTION_DATE='2025-10-10T00:00:00+00:00' AIRFLOW_CTX_TRY_NUMBER='1' AIRFLOW_CTX_DAG_RUN_ID='scheduled__2025-10-10T00:00:00+00:00'
[2025-10-11T16:50:59.612+0000] {taskinstance.py:430} INFO - ::endgroup::
[2025-10-11T16:50:59.613+0000] {mariadb_cpimport_operator.py:83} INFO - Starting cpimport operation for table: airlines
[2025-10-11T16:50:59.613+0000] {mariadb_cpimport_operator.py:84} INFO - Source file: /var/openflights_data/airlines.dat
[2025-10-11T16:50:59.614+0000] {mariadb_cpimport_operator.py:92} INFO - Validating ColumnStore engine...
[2025-10-11T16:50:59.624+0000] {base.py:84} INFO - Using connection ID 'maria_db_default' for task execution.
[2025-10-11T16:50:59.625+0000] {mariadb_hook.py:37} INFO - Connecting to MariaDB database: 
[2025-10-11T16:50:59.625+0000] {mariadb_cpimport_operator.py:114} ERROR - ‚ùå cpimport operation failed: 'NoneType' object cannot be interpreted as an integer
[2025-10-11T16:50:59.626+0000] {taskinstance.py:441} INFO - ::group::Post task execution logs
[2025-10-11T16:50:59.636+0000] {taskinstance.py:2890} ERROR - Task failed with exception
Traceback (most recent call last):
  File "/opt/airflow/.local/src/airflow-mariadb-provider/airflow_mariadb_provider/operators/mariadb_cpimport_operator.py", line 93, in execute
    hook.validate_columnstore_engine(self.table_name, self.schema)
  File "/opt/airflow/.local/src/airflow-mariadb-provider/airflow_mariadb_provider/hooks/mariadb_hook.py", line 69, in validate_columnstore_engine
    with self.get_conn() as conn:
         ^^^^^^^^^^^^^^^
  File "/opt/airflow/.local/src/airflow-mariadb-provider/airflow_mariadb_provider/hooks/mariadb_hook.py", line 39, in get_conn
    return mariadb.connect(**conn_config)
           ^^^^^^^^^^^^^^^^^^^^^^^^^^^^^^
  File "/home/airflow/.local/lib/python3.12/site-packages/mariadb/__init__.py", line 147, in connect
    connection = connectionclass(*args, **kwargs)
                 ^^^^^^^^^^^^^^^^^^^^^^^^^^^^^^^^
  File "/home/airflow/.local/lib/python3.12/site-packages/mariadb/connections.py", line 85, in __init__
    super().__init__(*args, **kwargs)
TypeError: 'NoneType' object cannot be interpreted as an integer

During handling of the above exception, another exception occurred:

Traceback (most recent call last):
  File "/home/airflow/.local/lib/python3.12/site-packages/airflow/models/taskinstance.py", line 465, in _execute_task
    result = _execute_callable(context=context, **execute_callable_kwargs)
             ^^^^^^^^^^^^^^^^^^^^^^^^^^^^^^^^^^^^^^^^^^^^^^^^^^^^^^^^^^^^^
  File "/home/airflow/.local/lib/python3.12/site-packages/airflow/models/taskinstance.py", line 432, in _execute_callable
    return execute_callable(context=context, **execute_callable_kwargs)
           ^^^^^^^^^^^^^^^^^^^^^^^^^^^^^^^^^^^^^^^^^^^^^^^^^^^^^^^^^^^^
  File "/home/airflow/.local/lib/python3.12/site-packages/airflow/models/baseoperator.py", line 400, in wrapper
    return func(self, *args, **kwargs)
           ^^^^^^^^^^^^^^^^^^^^^^^^^^^
  File "/opt/airflow/.local/src/airflow-mariadb-provider/airflow_mariadb_provider/operators/mariadb_cpimport_operator.py", line 115, in execute
    raise AirflowException(f"cpimport operation failed: {e}")
airflow.exceptions.AirflowException: cpimport operation failed: 'NoneType' object cannot be interpreted as an integer
[2025-10-11T16:50:59.644+0000] {taskinstance.py:1205} INFO - Marking task as FAILED. dag_id=MariadbCpimport, task_id=cpimport_local_file, execution_date=20251010T000000, start_date=20251011T165059, end_date=20251011T165059
[2025-10-11T16:50:59.658+0000] {standard_task_runner.py:110} ERROR - Failed to execute job 27 for task cpimport_local_file (cpimport operation failed: 'NoneType' object cannot be interpreted as an integer; 128)
[2025-10-11T16:50:59.700+0000] {local_task_job_runner.py:240} INFO - Task exited with return code 1
[2025-10-11T16:50:59.723+0000] {taskinstance.py:3482} INFO - 0 downstream tasks scheduled from follow-on schedule check
[2025-10-11T16:50:59.725+0000] {local_task_job_runner.py:222} INFO - ::endgroup::
